Archive member included to satisfy reference by file (symbol)

/usr/lib/gcc/avr/7.3.0/avrtiny/libgcc.a(_udivmodqi4.o)
                              desklight.o (__udivmodqi4)
/usr/lib/gcc/avr/7.3.0/avrtiny/libgcc.a(_exit.o)
                              /usr/lib/gcc/avr/7.3.0/../../../../avr/lib/avrtiny/crtattiny10.o (exit)
/usr/lib/gcc/avr/7.3.0/avrtiny/libgcc.a(_clear_bss.o)
                              desklight.o (__do_clear_bss)

Memory Configuration

Name             Origin             Length             Attributes
text             0x0000000000000000 0x0000000000001000 xr
data             0x0000000000800040 0x0000000000000100 rw !x
config           0x0000000000820000 0x0000000000000002 rw !x
lock             0x0000000000830000 0x0000000000000002 rw !x
signature        0x0000000000840000 0x0000000000000004 rw !x
*default*        0x0000000000000000 0xffffffffffffffff

Linker script and memory map

LOAD /usr/lib/gcc/avr/7.3.0/../../../../avr/lib/avrtiny/crtattiny10.o
LOAD desklight.o
START GROUP
LOAD /usr/lib/gcc/avr/7.3.0/avrtiny/libgcc.a
LOAD /usr/lib/gcc/avr/7.3.0/../../../../avr/lib/avrtiny/libm.a
LOAD /usr/lib/gcc/avr/7.3.0/../../../../avr/lib/avrtiny/libc.a
LOAD /usr/lib/gcc/avr/7.3.0/../../../../avr/lib/avrtiny/libattiny10.a
END GROUP
                0x0000000000001000                __TEXT_REGION_LENGTH__ = DEFINED (__TEXT_REGION_LENGTH__)?__TEXT_REGION_LENGTH__:0x1000
                0x0000000000000100                __DATA_REGION_LENGTH__ = DEFINED (__DATA_REGION_LENGTH__)?__DATA_REGION_LENGTH__:0x100
                0x0000000000000002                __FUSE_REGION_LENGTH__ = DEFINED (__FUSE_REGION_LENGTH__)?__FUSE_REGION_LENGTH__:0x2
                0x0000000000000002                __LOCK_REGION_LENGTH__ = DEFINED (__LOCK_REGION_LENGTH__)?__LOCK_REGION_LENGTH__:0x2
                0x0000000000000004                __SIGNATURE_REGION_LENGTH__ = DEFINED (__SIGNATURE_REGION_LENGTH__)?__SIGNATURE_REGION_LENGTH__:0x4
                0x0000000000004000                __RODATA_PM_OFFSET__ = DEFINED (__RODATA_PM_OFFSET__)?__RODATA_PM_OFFSET__:0x4000

.hash
 *(.hash)

.dynsym
 *(.dynsym)

.dynstr
 *(.dynstr)

.gnu.version
 *(.gnu.version)

.gnu.version_d
 *(.gnu.version_d)

.gnu.version_r
 *(.gnu.version_r)

.rel.init
 *(.rel.init)

.rela.init
 *(.rela.init)

.rel.text
 *(.rel.text)
 *(.rel.text.*)
 *(.rel.gnu.linkonce.t*)

.rela.text
 *(.rela.text)
 *(.rela.text.*)
 *(.rela.gnu.linkonce.t*)

.rel.fini
 *(.rel.fini)

.rela.fini
 *(.rela.fini)

.rel.rodata
 *(.rel.rodata)
 *(.rel.rodata.*)
 *(.rel.gnu.linkonce.r*)

.rela.rodata
 *(.rela.rodata)
 *(.rela.rodata.*)
 *(.rela.gnu.linkonce.r*)

.rel.data
 *(.rel.data)
 *(.rel.data.*)
 *(.rel.gnu.linkonce.d*)

.rela.data
 *(.rela.data)
 *(.rela.data.*)
 *(.rela.gnu.linkonce.d*)

.rel.ctors
 *(.rel.ctors)

.rela.ctors
 *(.rela.ctors)

.rel.dtors
 *(.rel.dtors)

.rela.dtors
 *(.rela.dtors)

.rel.got
 *(.rel.got)

.rela.got
 *(.rela.got)

.rel.bss
 *(.rel.bss)

.rela.bss
 *(.rela.bss)

.rel.plt
 *(.rel.plt)

.rela.plt
 *(.rela.plt)

.text           0x0000000000000000      0x36e
 *(.vectors)
 .vectors       0x0000000000000000       0x16 /usr/lib/gcc/avr/7.3.0/../../../../avr/lib/avrtiny/crtattiny10.o
                0x0000000000000000                __vectors
                0x0000000000000000                __vector_default
 *(.vectors)
 *(.progmem.gcc*)
                0x0000000000000016                . = ALIGN (0x2)
                0x0000000000000016                __trampolines_start = .
 *(.trampolines)
 .trampolines   0x0000000000000016        0x0 linker stubs
 *(.trampolines*)
                0x0000000000000016                __trampolines_end = .
 *libprintf_flt.a:*(.progmem.data)
 *libc.a:*(.progmem.data)
 *(.progmem.*)
                0x0000000000000016                . = ALIGN (0x2)
 *(.lowtext)
 *(.lowtext*)
                0x0000000000000016                __ctors_start = .
 *(.ctors)
                0x0000000000000016                __ctors_end = .
                0x0000000000000016                __dtors_start = .
 *(.dtors)
                0x0000000000000016                __dtors_end = .
 SORT_BY_NAME(*)(.ctors)
 SORT_BY_NAME(*)(.dtors)
 *(.init0)
 .init0         0x0000000000000016        0x0 /usr/lib/gcc/avr/7.3.0/../../../../avr/lib/avrtiny/crtattiny10.o
                0x0000000000000016                __init
 *(.init0)
 *(.init1)
 *(.init1)
 *(.init2)
 .init2         0x0000000000000016        0xc /usr/lib/gcc/avr/7.3.0/../../../../avr/lib/avrtiny/crtattiny10.o
 *(.init2)
 *(.init3)
 *(.init3)
 *(.init4)
 .init4         0x0000000000000022       0x10 /usr/lib/gcc/avr/7.3.0/avrtiny/libgcc.a(_clear_bss.o)
                0x0000000000000022                __do_clear_bss
 *(.init4)
 *(.init5)
 *(.init5)
 *(.init6)
 *(.init6)
 *(.init7)
 *(.init7)
 *(.init8)
 *(.init8)
 *(.init9)
 .init9         0x0000000000000032        0x4 /usr/lib/gcc/avr/7.3.0/../../../../avr/lib/avrtiny/crtattiny10.o
 *(.init9)
 *(.text)
 .text          0x0000000000000036        0x2 /usr/lib/gcc/avr/7.3.0/../../../../avr/lib/avrtiny/crtattiny10.o
                0x0000000000000036                __vector_1
                0x0000000000000036                __bad_interrupt
                0x0000000000000036                __vector_6
                0x0000000000000036                __vector_3
                0x0000000000000036                __vector_7
                0x0000000000000036                __vector_5
                0x0000000000000036                __vector_4
                0x0000000000000036                __vector_9
                0x0000000000000036                __vector_8
                0x0000000000000036                __vector_10
 .text          0x0000000000000038      0x234 desklight.o
                0x0000000000000258                __vector_2
 .text          0x000000000000026c        0x0 /usr/lib/gcc/avr/7.3.0/avrtiny/libgcc.a(_udivmodqi4.o)
 .text          0x000000000000026c        0x0 /usr/lib/gcc/avr/7.3.0/avrtiny/libgcc.a(_exit.o)
 .text          0x000000000000026c        0x0 /usr/lib/gcc/avr/7.3.0/avrtiny/libgcc.a(_clear_bss.o)
                0x000000000000026c                . = ALIGN (0x2)
 *(.text.*)
 .text.startup  0x000000000000026c       0xe6 desklight.o
                0x000000000000026c                main
 .text.libgcc.mul
                0x0000000000000352        0x0 /usr/lib/gcc/avr/7.3.0/avrtiny/libgcc.a(_udivmodqi4.o)
 .text.libgcc.div
                0x0000000000000352       0x18 /usr/lib/gcc/avr/7.3.0/avrtiny/libgcc.a(_udivmodqi4.o)
                0x0000000000000352                __udivmodqi4
 .text.libgcc.prologue
                0x000000000000036a        0x0 /usr/lib/gcc/avr/7.3.0/avrtiny/libgcc.a(_udivmodqi4.o)
 .text.libgcc   0x000000000000036a        0x0 /usr/lib/gcc/avr/7.3.0/avrtiny/libgcc.a(_udivmodqi4.o)
 .text.libgcc.builtins
                0x000000000000036a        0x0 /usr/lib/gcc/avr/7.3.0/avrtiny/libgcc.a(_udivmodqi4.o)
 .text.libgcc.fmul
                0x000000000000036a        0x0 /usr/lib/gcc/avr/7.3.0/avrtiny/libgcc.a(_udivmodqi4.o)
 .text.libgcc.fixed
                0x000000000000036a        0x0 /usr/lib/gcc/avr/7.3.0/avrtiny/libgcc.a(_udivmodqi4.o)
 .text.libgcc.mul
                0x000000000000036a        0x0 /usr/lib/gcc/avr/7.3.0/avrtiny/libgcc.a(_exit.o)
 .text.libgcc.div
                0x000000000000036a        0x0 /usr/lib/gcc/avr/7.3.0/avrtiny/libgcc.a(_exit.o)
 .text.libgcc.prologue
                0x000000000000036a        0x0 /usr/lib/gcc/avr/7.3.0/avrtiny/libgcc.a(_exit.o)
 .text.libgcc   0x000000000000036a        0x0 /usr/lib/gcc/avr/7.3.0/avrtiny/libgcc.a(_exit.o)
 .text.libgcc.builtins
                0x000000000000036a        0x0 /usr/lib/gcc/avr/7.3.0/avrtiny/libgcc.a(_exit.o)
 .text.libgcc.fmul
                0x000000000000036a        0x0 /usr/lib/gcc/avr/7.3.0/avrtiny/libgcc.a(_exit.o)
 .text.libgcc.fixed
                0x000000000000036a        0x0 /usr/lib/gcc/avr/7.3.0/avrtiny/libgcc.a(_exit.o)
 .text.libgcc.mul
                0x000000000000036a        0x0 /usr/lib/gcc/avr/7.3.0/avrtiny/libgcc.a(_clear_bss.o)
 .text.libgcc.div
                0x000000000000036a        0x0 /usr/lib/gcc/avr/7.3.0/avrtiny/libgcc.a(_clear_bss.o)
 .text.libgcc.prologue
                0x000000000000036a        0x0 /usr/lib/gcc/avr/7.3.0/avrtiny/libgcc.a(_clear_bss.o)
 .text.libgcc   0x000000000000036a        0x0 /usr/lib/gcc/avr/7.3.0/avrtiny/libgcc.a(_clear_bss.o)
 .text.libgcc.builtins
                0x000000000000036a        0x0 /usr/lib/gcc/avr/7.3.0/avrtiny/libgcc.a(_clear_bss.o)
 .text.libgcc.fmul
                0x000000000000036a        0x0 /usr/lib/gcc/avr/7.3.0/avrtiny/libgcc.a(_clear_bss.o)
 .text.libgcc.fixed
                0x000000000000036a        0x0 /usr/lib/gcc/avr/7.3.0/avrtiny/libgcc.a(_clear_bss.o)
                0x000000000000036a                . = ALIGN (0x2)
 *(.fini9)
 .fini9         0x000000000000036a        0x0 /usr/lib/gcc/avr/7.3.0/avrtiny/libgcc.a(_exit.o)
                0x000000000000036a                exit
                0x000000000000036a                _exit
 *(.fini9)
 *(.fini8)
 *(.fini8)
 *(.fini7)
 *(.fini7)
 *(.fini6)
 *(.fini6)
 *(.fini5)
 *(.fini5)
 *(.fini4)
 *(.fini4)
 *(.fini3)
 *(.fini3)
 *(.fini2)
 *(.fini2)
 *(.fini1)
 *(.fini1)
 *(.fini0)
 .fini0         0x000000000000036a        0x4 /usr/lib/gcc/avr/7.3.0/avrtiny/libgcc.a(_exit.o)
 *(.fini0)
 *(.hightext)
 *(.hightext*)
 *(.progmemx.*)
                0x000000000000036e                . = ALIGN (0x2)
 *(.jumptables)
 *(.jumptables*)
                0x000000000000036e                _etext = .

.rodata
 *(.rodata)
 *(.rodata*)
 *(.gnu.linkonce.r*)

.data           0x0000000000800040        0x0 load address 0x000000000000036e
                [!provide]                        PROVIDE (__data_start = .)
 *(.data)
 .data          0x0000000000800040        0x0 /usr/lib/gcc/avr/7.3.0/../../../../avr/lib/avrtiny/crtattiny10.o
 .data          0x0000000000800040        0x0 desklight.o
 .data          0x0000000000800040        0x0 /usr/lib/gcc/avr/7.3.0/avrtiny/libgcc.a(_udivmodqi4.o)
 .data          0x0000000000800040        0x0 /usr/lib/gcc/avr/7.3.0/avrtiny/libgcc.a(_exit.o)
 .data          0x0000000000800040        0x0 /usr/lib/gcc/avr/7.3.0/avrtiny/libgcc.a(_clear_bss.o)
 *(.data*)
 *(.gnu.linkonce.d*)
                0x0000000000800040                . = ALIGN (0x2)
                0x0000000000800040                _edata = .
                [!provide]                        PROVIDE (__data_end = .)

.bss            0x0000000000800040        0x6
                0x0000000000800040                PROVIDE (__bss_start = .)
 *(.bss)
 .bss           0x0000000000800040        0x0 /usr/lib/gcc/avr/7.3.0/../../../../avr/lib/avrtiny/crtattiny10.o
 .bss           0x0000000000800040        0x6 desklight.o
                0x0000000000800040                light_count
 .bss           0x0000000000800046        0x0 /usr/lib/gcc/avr/7.3.0/avrtiny/libgcc.a(_udivmodqi4.o)
 .bss           0x0000000000800046        0x0 /usr/lib/gcc/avr/7.3.0/avrtiny/libgcc.a(_exit.o)
 .bss           0x0000000000800046        0x0 /usr/lib/gcc/avr/7.3.0/avrtiny/libgcc.a(_clear_bss.o)
 *(.bss*)
 *(COMMON)
                0x0000000000800046                PROVIDE (__bss_end = .)
                0x000000000000036e                __data_load_start = LOADADDR (.data)
                0x000000000000036e                __data_load_end = (__data_load_start + SIZEOF (.data))

.noinit         0x0000000000800046        0x0
                [!provide]                        PROVIDE (__noinit_start = .)
 *(.noinit*)
                [!provide]                        PROVIDE (__noinit_end = .)
                0x0000000000800046                _end = .
                [!provide]                        PROVIDE (__heap_start = .)

.lock
 *(.lock*)

.signature
 *(.signature*)

.config
 *(.config*)

.stab           0x0000000000000000      0x210
 *(.stab)
 .stab          0x0000000000000000       0xf0 /usr/lib/gcc/avr/7.3.0/avrtiny/libgcc.a(_udivmodqi4.o)
 .stab          0x00000000000000f0       0x6c /usr/lib/gcc/avr/7.3.0/avrtiny/libgcc.a(_exit.o)
                                         0x78 (size before relaxing)
 .stab          0x000000000000015c       0xb4 /usr/lib/gcc/avr/7.3.0/avrtiny/libgcc.a(_clear_bss.o)
                                         0xc0 (size before relaxing)

.stabstr        0x0000000000000000      0x133
 *(.stabstr)
 .stabstr       0x0000000000000000      0x133 /usr/lib/gcc/avr/7.3.0/avrtiny/libgcc.a(_udivmodqi4.o)

.stab.excl
 *(.stab.excl)

.stab.exclstr
 *(.stab.exclstr)

.stab.index
 *(.stab.index)

.stab.indexstr
 *(.stab.indexstr)

.comment        0x0000000000000000       0x22
 *(.comment)
 .comment       0x0000000000000000       0x22 desklight.o
                                         0x23 (size before relaxing)

.note.gnu.avr.deviceinfo
                0x0000000000000000       0x3c
 .note.gnu.avr.deviceinfo
                0x0000000000000000       0x3c /usr/lib/gcc/avr/7.3.0/../../../../avr/lib/avrtiny/crtattiny10.o

.note.gnu.build-id
 *(.note.gnu.build-id)

.debug
 *(.debug)

.line
 *(.line)

.debug_srcinfo
 *(.debug_srcinfo)

.debug_sfnames
 *(.debug_sfnames)

.debug_aranges  0x0000000000000000       0x28
 *(.debug_aranges)
 .debug_aranges
                0x0000000000000000       0x28 desklight.o

.debug_pubnames
 *(.debug_pubnames)

.debug_info     0x0000000000000000      0x931
 *(.debug_info .gnu.linkonce.wi.*)
 .debug_info    0x0000000000000000      0x305 /usr/lib/gcc/avr/7.3.0/../../../../avr/lib/avrtiny/crtattiny10.o
 .debug_info    0x0000000000000305      0x62c desklight.o

.debug_abbrev   0x0000000000000000      0x519
 *(.debug_abbrev)
 .debug_abbrev  0x0000000000000000      0x2d9 /usr/lib/gcc/avr/7.3.0/../../../../avr/lib/avrtiny/crtattiny10.o
 .debug_abbrev  0x00000000000002d9      0x240 desklight.o

.debug_line     0x0000000000000000      0x36e
 *(.debug_line .debug_line.* .debug_line_end)
 .debug_line    0x0000000000000000       0x1d /usr/lib/gcc/avr/7.3.0/../../../../avr/lib/avrtiny/crtattiny10.o
 .debug_line    0x000000000000001d      0x351 desklight.o

.debug_frame    0x0000000000000000       0xa0
 *(.debug_frame)
 .debug_frame   0x0000000000000000       0xa0 desklight.o

.debug_str      0x0000000000000000      0x48f
 *(.debug_str)
 .debug_str     0x0000000000000000      0x115 /usr/lib/gcc/avr/7.3.0/../../../../avr/lib/avrtiny/crtattiny10.o
 .debug_str     0x0000000000000115      0x37a desklight.o
                                        0x3c7 (size before relaxing)

.debug_loc      0x0000000000000000      0x430
 *(.debug_loc)
 .debug_loc     0x0000000000000000      0x430 desklight.o

.debug_macinfo
 *(.debug_macinfo)

.debug_weaknames
 *(.debug_weaknames)

.debug_funcnames
 *(.debug_funcnames)

.debug_typenames
 *(.debug_typenames)

.debug_varnames
 *(.debug_varnames)

.debug_pubtypes
 *(.debug_pubtypes)

.debug_ranges   0x0000000000000000       0x90
 *(.debug_ranges)
 .debug_ranges  0x0000000000000000       0x90 desklight.o

.debug_macro
 *(.debug_macro)

.debug_addr
 *(.debug_addr)
OUTPUT(desklight.elf elf32-avr)
LOAD linker stubs

Cross Reference Table

Symbol                                            File
__bad_interrupt                                   /usr/lib/gcc/avr/7.3.0/../../../../avr/lib/avrtiny/crtattiny10.o
__bss_end                                         /usr/lib/gcc/avr/7.3.0/avrtiny/libgcc.a(_clear_bss.o)
__bss_start                                       /usr/lib/gcc/avr/7.3.0/avrtiny/libgcc.a(_clear_bss.o)
__do_clear_bss                                    /usr/lib/gcc/avr/7.3.0/avrtiny/libgcc.a(_clear_bss.o)
                                                  desklight.o
__heap_end                                        /usr/lib/gcc/avr/7.3.0/../../../../avr/lib/avrtiny/crtattiny10.o
__init                                            /usr/lib/gcc/avr/7.3.0/../../../../avr/lib/avrtiny/crtattiny10.o
__stack                                           /usr/lib/gcc/avr/7.3.0/../../../../avr/lib/avrtiny/crtattiny10.o
__udivmodqi4                                      /usr/lib/gcc/avr/7.3.0/avrtiny/libgcc.a(_udivmodqi4.o)
                                                  desklight.o
__vector_1                                        /usr/lib/gcc/avr/7.3.0/../../../../avr/lib/avrtiny/crtattiny10.o
__vector_10                                       /usr/lib/gcc/avr/7.3.0/../../../../avr/lib/avrtiny/crtattiny10.o
__vector_2                                        desklight.o
                                                  /usr/lib/gcc/avr/7.3.0/../../../../avr/lib/avrtiny/crtattiny10.o
__vector_3                                        /usr/lib/gcc/avr/7.3.0/../../../../avr/lib/avrtiny/crtattiny10.o
__vector_4                                        /usr/lib/gcc/avr/7.3.0/../../../../avr/lib/avrtiny/crtattiny10.o
__vector_5                                        /usr/lib/gcc/avr/7.3.0/../../../../avr/lib/avrtiny/crtattiny10.o
__vector_6                                        /usr/lib/gcc/avr/7.3.0/../../../../avr/lib/avrtiny/crtattiny10.o
__vector_7                                        /usr/lib/gcc/avr/7.3.0/../../../../avr/lib/avrtiny/crtattiny10.o
__vector_8                                        /usr/lib/gcc/avr/7.3.0/../../../../avr/lib/avrtiny/crtattiny10.o
__vector_9                                        /usr/lib/gcc/avr/7.3.0/../../../../avr/lib/avrtiny/crtattiny10.o
__vector_default                                  /usr/lib/gcc/avr/7.3.0/../../../../avr/lib/avrtiny/crtattiny10.o
__vectors                                         /usr/lib/gcc/avr/7.3.0/../../../../avr/lib/avrtiny/crtattiny10.o
_exit                                             /usr/lib/gcc/avr/7.3.0/avrtiny/libgcc.a(_exit.o)
exit                                              /usr/lib/gcc/avr/7.3.0/avrtiny/libgcc.a(_exit.o)
                                                  /usr/lib/gcc/avr/7.3.0/../../../../avr/lib/avrtiny/crtattiny10.o
light_count                                       desklight.o
main                                              desklight.o
                                                  /usr/lib/gcc/avr/7.3.0/../../../../avr/lib/avrtiny/crtattiny10.o
